Fri 02 Sep 2022 04:10:01 PM CEST
Fri 02 Sep 2022 04:11:01 PM CEST
Fri 02 Sep 2022 04:16:01 PM CEST
Fri 02 Sep 2022 04:17:01 PM CEST
Fri 02 Sep 2022 04:18:01 PM CEST
Fri 02 Sep 2022 04:19:01 PM CEST
